// Jest Snapshot v1, https://goo.gl/fbAQLP

exports[`<Page /> matches snapshot 1`] = `
<div
  class="dark"
  data-testid="page-wrapper"
>
  <div
    class="dark:bg-gray-800 h-screen w-screen dark:text-gray-300 overflow-y-scroll"
    data-testid="page"
  >
    <p
      role="paragraph"
    >
      Foo
    </p>
  </div>
</div>
`;
