// Jest Snapshot v1, https://goo.gl/fbAQLP

exports[`<Dropdown /> matches snapshot 1`] = `
<div
  class="mt-0 flex flex-col items-start"
  data-testid="dropdown-container"
>
  <button
    class="text-left  p-2 dark:hover:bg-gray-900 dark:bg-gray-700 bg-gray-200 hover:bg-gray-300 w-full overflow-ellipsis block whitespace-nowrap overflow-hidden"
  >
    Item 0
  </button>
  <button
    class="text-left  p-2 dark:hover:bg-gray-900 dark:bg-gray-700 bg-gray-200 hover:bg-gray-300 w-full overflow-ellipsis block whitespace-nowrap overflow-hidden"
  >
    Item 1
  </button>
  <button
    class="text-left  p-2 dark:hover:bg-gray-900 dark:bg-gray-700 bg-gray-200 hover:bg-gray-300 w-full overflow-ellipsis block whitespace-nowrap overflow-hidden"
  >
    Item 2
  </button>
  <button
    class="text-left  p-2 dark:hover:bg-gray-900 dark:bg-gray-700 bg-gray-200 hover:bg-gray-300 w-full overflow-ellipsis block whitespace-nowrap overflow-hidden"
  >
    Item 3
  </button>
  <button
    class="text-left rounded-b-lg p-2 dark:hover:bg-gray-900 dark:bg-gray-700 bg-gray-200 hover:bg-gray-300 w-full overflow-ellipsis block whitespace-nowrap overflow-hidden"
  >
    Contract with address '0x0000'
  </button>
</div>
`;
