// Jest Snapshot v1, https://goo.gl/fbAQLP

exports[`<Dropdown /> matches snapshot 1`] = `
<div
  class="mt-0 flex flex-col items-start z-500 absolute w-1/2"
  data-testid="dropdown-container"
>
  <button
    class="text-left  p-2 bg-pink-200 hover:bg-orange-400 shadow-lg shadow-pink-900 w-full overflow-ellipsis block whitespace-nowrap overflow-hidden"
  >
    Item 0
  </button>
  <button
    class="text-left  p-2 bg-pink-200 hover:bg-orange-400 shadow-lg shadow-pink-900 w-full overflow-ellipsis block whitespace-nowrap overflow-hidden"
  >
    Item 1
  </button>
  <button
    class="text-left  p-2 bg-pink-200 hover:bg-orange-400 shadow-lg shadow-pink-900 w-full overflow-ellipsis block whitespace-nowrap overflow-hidden"
  >
    Item 2
  </button>
  <button
    class="text-left  p-2 bg-pink-200 hover:bg-orange-400 shadow-lg shadow-pink-900 w-full overflow-ellipsis block whitespace-nowrap overflow-hidden"
  >
    Item 3
  </button>
  <button
    class="text-left rounded-b-lg p-2 bg-pink-200 hover:bg-orange-400 shadow-lg shadow-pink-900 w-full overflow-ellipsis block whitespace-nowrap overflow-hidden"
  >
    Contract with address '0x0000'
  </button>
</div>
`;
